// Jest Snapshot v1, https://goo.gl/fbAQLP

exports[`ApplicationName should render a default component 1`] = `
<div
  className="application-name"
>
  default
</div>
`;
