// Jest Snapshot v1, https://goo.gl/fbAQLP

exports[`UtilityMenuItem correctly applies the theme context className 1`] = `
<ThemeContextProvider
  theme={
    Object {
      "className": "orion-fusion-theme",
    }
  }
>
  <UtilityMenuItem
    itemKey="key"
    onChange={[MockFunction]}
    title=""
    variant="header"
  >
    <div
      aria-label=""
      className="header-utility-body-item orion-fusion-theme"
      key="key"
      onClick={[Function]}
      onKeyDown={[Function]}
      role="button"
      tabIndex="0"
    >
      <Arrange
        align="center"
        className="default-left-inset default-right-inset"
        fill={
          <div>
            
          </div>
        }
        fillAttributes={
          Object {
            "className": "menu-item-fill",
          }
        }
        fitEnd={null}
        fitStart={null}
      >
        <div
          className="arrange default-left-inset default-right-inset"
        >
          <div
            className="fit center"
          />
          <div
            className="fill center menu-item-fill"
          >
            <div />
          </div>
          <div
            className="fit center"
          />
        </div>
      </Arrange>
    </div>
  </UtilityMenuItem>
</ThemeContextProvider>
`;

exports[`UtilityMenuItem should pass in a custom prop 1`] = `
<div
  aria-label=""
  className="header-utility-body-item"
  id="test"
  key="key"
  onClick={[Function]}
  onKeyDown={[Function]}
  role="button"
  tabIndex="0"
>
  <Arrange
    align="center"
    className="default-left-inset default-right-inset"
    fill={
      <div>
        
      </div>
    }
    fillAttributes={
      Object {
        "className": "menu-item-fill",
      }
    }
    fitEnd={null}
    fitStart={null}
  />
</div>
`;

exports[`UtilityMenuItem should render with a content location 1`] = `
<Button
  className="header-utility-footer-item"
  isBlock={false}
  isCompact={false}
  isDisabled={false}
  isIconOnly={false}
  isReversed={false}
  onClick={[Function]}
  onKeyDown={[Function]}
  text=""
  type="button"
  variant="neutral"
/>
`;

exports[`UtilityMenuItem should render with a title 1`] = `
<div
  aria-label="title"
  className="header-utility-body-item"
  key="key"
  onClick={[Function]}
  onKeyDown={[Function]}
  role="button"
  tabIndex="0"
>
  <Arrange
    align="center"
    className="default-left-inset default-right-inset"
    fill={
      <div>
        title
      </div>
    }
    fillAttributes={
      Object {
        "className": "menu-item-fill",
      }
    }
    fitEnd={null}
    fitStart={null}
  />
</div>
`;

exports[`UtilityMenuItem should render with content 1`] = `
<div
  aria-label=""
  className="header-utility-body-item"
  key="key"
  onClick={[Function]}
  onKeyDown={[Function]}
  role="button"
  tabIndex="0"
>
  <Arrange
    align="center"
    className="default-left-inset default-right-inset"
    fill={
      <div>
         test
      </div>
    }
    fillAttributes={
      Object {
        "className": "menu-item-fill",
      }
    }
    fitEnd={null}
    fitStart={null}
  />
</div>
`;

exports[`UtilityMenuItem should render with default props 1`] = `
<div
  aria-label=""
  className="header-utility-body-item"
  key="key"
  onClick={[Function]}
  onKeyDown={[Function]}
  role="button"
  tabIndex="0"
>
  <Arrange
    align="center"
    className="default-left-inset default-right-inset"
    fill={
      <div>
        
      </div>
    }
    fillAttributes={
      Object {
        "className": "menu-item-fill",
      }
    }
    fitEnd={null}
    fitStart={null}
  />
</div>
`;

exports[`UtilityMenuItem should render with hasChevron 1`] = `
<div
  aria-label=""
  className="header-utility-body-item"
  key="key"
  onClick={[Function]}
  onKeyDown={[Function]}
  role="button"
  tabIndex="0"
>
  <Arrange
    align="center"
    className="default-left-inset default-right-inset"
    fill={
      <div>
        
      </div>
    }
    fillAttributes={
      Object {
        "className": "menu-item-fill",
      }
    }
    fitEnd={null}
    fitStart={null}
  />
</div>
`;

exports[`UtilityMenuItem should render with isActive 1`] = `
<div
  aria-label=""
  className="header-utility-body-item"
  key="key"
  onClick={[Function]}
  onKeyDown={[Function]}
  role="button"
  tabIndex="0"
>
  <Arrange
    align="center"
    className="default-left-inset default-right-inset"
    fill={
      <div>
        
      </div>
    }
    fillAttributes={
      Object {
        "className": "menu-item-fill",
      }
    }
    fitEnd={null}
    fitStart={null}
  />
</div>
`;

exports[`UtilityMenuItem should render with isSelectable 1`] = `
<div
  aria-label=""
  className="header-utility-body-item"
  key="key"
  onClick={[Function]}
  onKeyDown={[Function]}
  role="button"
  tabIndex="0"
>
  <Arrange
    align="center"
    className="default-left-inset default-right-inset"
    fill={
      <div>
        
      </div>
    }
    fillAttributes={
      Object {
        "className": "menu-item-fill",
      }
    }
    fitEnd={null}
    fitStart={null}
  />
</div>
`;

exports[`UtilityMenuItem should render with isSelected 1`] = `
<div
  aria-label=""
  className="header-utility-body-item"
  key="key"
  onClick={[Function]}
  onKeyDown={[Function]}
  role="button"
  tabIndex="0"
>
  <Arrange
    align="center"
    className="default-left-inset default-right-inset"
    fill={
      <div>
        
      </div>
    }
    fillAttributes={
      Object {
        "className": "menu-item-fill",
      }
    }
    fitEnd={null}
    fitStart={null}
  />
</div>
`;

exports[`UtilityMenuItem should render with leftInset 1`] = `
<div
  aria-label=""
  className="header-utility-body-item"
  key="key"
  onClick={[Function]}
  onKeyDown={[Function]}
  role="button"
  tabIndex="0"
>
  <Arrange
    align="center"
    className="default-right-inset"
    fill={
      <div>
        
      </div>
    }
    fillAttributes={
      Object {
        "className": "menu-item-fill",
      }
    }
    fitEnd={null}
    fitStart={
      <IconCheckmark
        className="checkmark"
        data-name="Layer 1"
        viewBox="0 0 48 48"
        xmlns="http://www.w3.org/2000/svg"
      />
    }
  />
</div>
`;

exports[`UtilityMenuItem should render with onKeyDown 1`] = `
<div
  aria-label=""
  className="header-utility-body-item"
  key="key"
  onClick={[Function]}
  onKeyDown={[Function]}
  role="button"
  tabIndex="0"
>
  <Arrange
    align="center"
    className="default-left-inset default-right-inset"
    fill={
      <div>
        
      </div>
    }
    fillAttributes={
      Object {
        "className": "menu-item-fill",
      }
    }
    fitEnd={null}
    fitStart={null}
  />
</div>
`;

exports[`UtilityMenuItem should render with rightInset 1`] = `
<div
  aria-label=""
  className="header-utility-body-item"
  key="key"
  onClick={[Function]}
  onKeyDown={[Function]}
  role="button"
  tabIndex="0"
>
  <Arrange
    align="center"
    className="default-right-inset"
    fill={
      <div>
        
      </div>
    }
    fillAttributes={
      Object {
        "className": "menu-item-fill",
      }
    }
    fitEnd={null}
    fitStart={
      <IconCheckmark
        className="checkmark"
        data-name="Layer 1"
        viewBox="0 0 48 48"
        xmlns="http://www.w3.org/2000/svg"
      />
    }
  />
</div>
`;
