// Jest Snapshot v1, https://goo.gl/fbAQLP

exports[`CollapsibleMenuViewItemGroup Collapsible Menu Context should merge custom props 1`] = `
<div
  className="Testing"
  intl={
    Object {
      "defaultFormats": Object {},
      "defaultLocale": "en",
      "formatDate": [Function],
      "formatHTMLMessage": [Function],
      "formatMessage": [Function],
      "formatNumber": [Function],
      "formatPlural": [Function],
      "formatRelative": [Function],
      "formatTime": [Function],
      "formats": Object {},
      "formatters": Object {
        "getDateTimeFormat": [Function],
        "getMessageFormat": [Function],
        "getNumberFormat": [Function],
        "getPluralFormat": [Function],
        "getRelativeFormat": [Function],
      },
      "locale": "en",
      "messages": null,
      "now": [Function],
      "onError": [Function],
      "textComponent": "span",
      "timeZone": null,
    }
  }
>
  <CollapsibleMenuViewItem
    isIconOnly={false}
    isReversed={false}
    isSelected={false}
    shouldCloseOnClick={true}
    text="Testing"
  />
  <CollapsibleMenuViewItem
    isIconOnly={false}
    isReversed={false}
    isSelected={false}
    shouldCloseOnClick={true}
    text="Testing"
  />
</div>
`;

exports[`CollapsibleMenuViewItemGroup Collapsible Menu Context should merge custom props when selectable 1`] = `
<li
  role="none"
>
  <MenuItemGroup
    className="Testing"
    intl={
      Object {
        "defaultFormats": Object {},
        "defaultLocale": "en",
        "formatDate": [Function],
        "formatHTMLMessage": [Function],
        "formatMessage": [Function],
        "formatNumber": [Function],
        "formatPlural": [Function],
        "formatRelative": [Function],
        "formatTime": [Function],
        "formats": Object {},
        "formatters": Object {
          "getDateTimeFormat": [Function],
          "getMessageFormat": [Function],
          "getNumberFormat": [Function],
          "getPluralFormat": [Function],
          "getRelativeFormat": [Function],
        },
        "locale": "en",
        "messages": null,
        "now": [Function],
        "onError": [Function],
        "textComponent": "span",
        "timeZone": null,
      }
    }
    onChange={[Function]}
  >
    <CollapsibleMenuViewItem
      isIconOnly={false}
      isReversed={false}
      isSelected={false}
      key="key1"
      shouldCloseOnClick={true}
      text="Testing"
    />
    <CollapsibleMenuViewItem
      isIconOnly={false}
      isReversed={false}
      isSelected={false}
      key="key2"
      shouldCloseOnClick={true}
      text="Testing"
    />
  </MenuItemGroup>
</li>
`;

exports[`CollapsibleMenuViewItemGroup Collapsible Menu Context should render a menu item group when selectable 1`] = `
<li
  role="none"
>
  <MenuItemGroup
    intl={
      Object {
        "defaultFormats": Object {},
        "defaultLocale": "en",
        "formatDate": [Function],
        "formatHTMLMessage": [Function],
        "formatMessage": [Function],
        "formatNumber": [Function],
        "formatPlural": [Function],
        "formatRelative": [Function],
        "formatTime": [Function],
        "formats": Object {},
        "formatters": Object {
          "getDateTimeFormat": [Function],
          "getMessageFormat": [Function],
          "getNumberFormat": [Function],
          "getPluralFormat": [Function],
          "getRelativeFormat": [Function],
        },
        "locale": "en",
        "messages": null,
        "now": [Function],
        "onError": [Function],
        "textComponent": "span",
        "timeZone": null,
      }
    }
    onChange={[Function]}
  >
    <CollapsibleMenuViewItem
      isIconOnly={false}
      isReversed={false}
      isSelected={false}
      key="key1"
      shouldCloseOnClick={true}
      text="Testing"
    />
    <CollapsibleMenuViewItem
      isIconOnly={false}
      isReversed={false}
      isSelected={false}
      key="key2"
      shouldCloseOnClick={true}
      text="Testing"
    />
  </MenuItemGroup>
</li>
`;

exports[`CollapsibleMenuViewItemGroup Collapsible Menu Context should render menu items when selectedKeys is not set 1`] = `
<div
  intl={
    Object {
      "defaultFormats": Object {},
      "defaultLocale": "en",
      "formatDate": [Function],
      "formatHTMLMessage": [Function],
      "formatMessage": [Function],
      "formatNumber": [Function],
      "formatPlural": [Function],
      "formatRelative": [Function],
      "formatTime": [Function],
      "formats": Object {},
      "formatters": Object {
        "getDateTimeFormat": [Function],
        "getMessageFormat": [Function],
        "getNumberFormat": [Function],
        "getPluralFormat": [Function],
        "getRelativeFormat": [Function],
      },
      "locale": "en",
      "messages": null,
      "now": [Function],
      "onError": [Function],
      "textComponent": "span",
      "timeZone": null,
    }
  }
>
  <CollapsibleMenuViewItem
    isIconOnly={false}
    isReversed={false}
    isSelected={false}
    shouldCloseOnClick={true}
    text="Testing"
  />
  <CollapsibleMenuViewItem
    isIconOnly={false}
    isReversed={false}
    isSelected={false}
    shouldCloseOnClick={true}
    text="Testing"
  />
</div>
`;

exports[`CollapsibleMenuViewItemGroup should merge custom props 1`] = `
<ButtonGroup
  className="face-up-item Testing"
  intl={
    Object {
      "defaultFormats": Object {},
      "defaultLocale": "en",
      "formatDate": [Function],
      "formatHTMLMessage": [Function],
      "formatMessage": [Function],
      "formatNumber": [Function],
      "formatPlural": [Function],
      "formatRelative": [Function],
      "formatTime": [Function],
      "formats": Object {},
      "formatters": Object {
        "getDateTimeFormat": [Function],
        "getMessageFormat": [Function],
        "getNumberFormat": [Function],
        "getPluralFormat": [Function],
        "getRelativeFormat": [Function],
      },
      "locale": "en",
      "messages": null,
      "now": [Function],
      "onError": [Function],
      "textComponent": "span",
      "timeZone": null,
    }
  }
  isBlock={false}
  selectedKeys={Array []}
>
  <CollapsibleMenuViewItem
    isIconOnly={false}
    isReversed={false}
    isSelected={false}
    shouldCloseOnClick={true}
    text="Testing"
  />
  <CollapsibleMenuViewItem
    isIconOnly={false}
    isReversed={false}
    isSelected={false}
    shouldCloseOnClick={true}
    text="Testing"
  />
</ButtonGroup>
`;

exports[`CollapsibleMenuViewItemGroup should render a default component 1`] = `
<ButtonGroup
  className="face-up-item"
  intl={
    Object {
      "defaultFormats": Object {},
      "defaultLocale": "en",
      "formatDate": [Function],
      "formatHTMLMessage": [Function],
      "formatMessage": [Function],
      "formatNumber": [Function],
      "formatPlural": [Function],
      "formatRelative": [Function],
      "formatTime": [Function],
      "formats": Object {},
      "formatters": Object {
        "getDateTimeFormat": [Function],
        "getMessageFormat": [Function],
        "getNumberFormat": [Function],
        "getPluralFormat": [Function],
        "getRelativeFormat": [Function],
      },
      "locale": "en",
      "messages": null,
      "now": [Function],
      "onError": [Function],
      "textComponent": "span",
      "timeZone": null,
    }
  }
  isBlock={false}
  selectedKeys={Array []}
>
  <CollapsibleMenuViewItem
    isIconOnly={false}
    isReversed={false}
    isSelected={false}
    shouldCloseOnClick={true}
    text="Testing"
  />
  <CollapsibleMenuViewItem
    isIconOnly={false}
    isReversed={false}
    isSelected={false}
    shouldCloseOnClick={true}
    text="Testing"
  />
</ButtonGroup>
`;

exports[`CollapsibleMenuViewItemGroup should render a selectable button group 1`] = `
<ButtonGroup
  className="face-up-item"
  intl={
    Object {
      "defaultFormats": Object {},
      "defaultLocale": "en",
      "formatDate": [Function],
      "formatHTMLMessage": [Function],
      "formatMessage": [Function],
      "formatNumber": [Function],
      "formatPlural": [Function],
      "formatRelative": [Function],
      "formatTime": [Function],
      "formats": Object {},
      "formatters": Object {
        "getDateTimeFormat": [Function],
        "getMessageFormat": [Function],
        "getNumberFormat": [Function],
        "getPluralFormat": [Function],
        "getRelativeFormat": [Function],
      },
      "locale": "en",
      "messages": null,
      "now": [Function],
      "onError": [Function],
      "textComponent": "span",
      "timeZone": null,
    }
  }
  isBlock={false}
  selectedKeys={
    Array [
      "key1",
    ]
  }
>
  <CollapsibleMenuViewItem
    isIconOnly={false}
    isReversed={false}
    isSelected={false}
    key="key1"
    shouldCloseOnClick={true}
    text="Testing"
  />
  <CollapsibleMenuViewItem
    isIconOnly={false}
    isReversed={false}
    isSelected={false}
    key="key2"
    shouldCloseOnClick={true}
    text="Testing"
  />
</ButtonGroup>
`;
