// Jest Snapshot v1, https://goo.gl/fbAQLP

exports[`ColumnHeaderCell renders a pinned column header cell 1`] = `
<InjectIntl(ColumnHeaderCell)
  columnIndex={0}
  displayName="Vitals"
  hasError={true}
  headerHeight="150px"
  id="Column-0"
  sortIndicator="ascending"
  tableId="test-table"
  width={100}
>
  <ColumnHeaderCell
    columnIndex={0}
    displayName="Vitals"
    hasError={true}
    headerHeight="150px"
    id="Column-0"
    intl={
      Object {
        "defaultFormats": Object {},
        "defaultLocale": "en",
        "formatDate": [Function],
        "formatHTMLMessage": [Function],
        "formatMessage": [Function],
        "formatNumber": [Function],
        "formatPlural": [Function],
        "formatRelative": [Function],
        "formatTime": [Function],
        "formats": Object {},
        "formatters": Object {
          "getDateTimeFormat": [Function],
          "getMessageFormat": [Function],
          "getNumberFormat": [Function],
          "getPluralFormat": [Function],
          "getRelativeFormat": [Function],
        },
        "locale": "en",
        "messages": null,
        "now": [Function],
        "onError": [Function],
        "textComponent": "span",
        "timeZone": null,
      }
    }
    isActive={false}
    isDisplayVisible={true}
    isResizable={false}
    isResizeActive={false}
    isSelectable={false}
    sortIndicator="ascending"
    tableId="test-table"
    width={100}
  >
    <th
      className="column-header pinned"
      id="test-table-Column-0"
      key="Column-0"
      onKeyDown={[Function]}
      role="columnheader"
      scope="col"
      style={
        Object {
          "height": "150px",
          "left": 0,
          "width": "100px",
        }
      }
      title="Vitals"
    >
      <div
        className="header-container"
      >
        <IconError
          className="error-icon"
          viewBox="0 0 48 48"
          xmlns="http://www.w3.org/2000/svg"
        >
          <IconBase
            className="IconError error-icon"
            focusable="false"
            height="1em"
            isBidi={false}
            isSpin={false}
            viewBox="0 0 48 48"
            width="1em"
            xmlns="http://www.w3.org/2000/svg"
          >
            <svg
              className="tui-Icon icon IconError error-icon"
              focusable="false"
              height="1em"
              role="presentation"
              viewBox="0 0 48 48"
              width="1em"
              xmlns="http://www.w3.org/2000/svg"
            >
              <path
                d="M24 0c13.3 0 24 10.7 24 24S37.3 48 24 48 0 37.3 0 24C0 10.8 10.7 0 23.9 0h.1z"
                fill="#E50000"
              />
              <path
                d="M7 21.5h34v5H7v-5z"
                fill="#FFF"
              />
            </svg>
          </IconBase>
        </IconError>
        <span
          aria-hidden={true}
          className="display-text"
        >
          Vitals
        </span>
        <IconUp
          data-name="Layer 1"
          viewBox="0 0 48 48"
          xmlns="http://www.w3.org/2000/svg"
        >
          <IconBase
            data-name="Layer 1"
            focusable="false"
            height="1em"
            isBidi={false}
            isSpin={false}
            viewBox="0 0 48 48"
            width="1em"
            xmlns="http://www.w3.org/2000/svg"
          >
            <svg
              className="tui-Icon icon"
              data-name="Layer 1"
              focusable="false"
              height="1em"
              role="presentation"
              viewBox="0 0 48 48"
              width="1em"
              xmlns="http://www.w3.org/2000/svg"
            >
              <path
                d="M24 0 .1 23.5l3.8 3.8L21 10.6V48h6V10.6l17.1 16.7 3.8-3.8z"
              />
            </svg>
          </IconBase>
        </IconUp>
        <VisuallyHiddenText
          text="Vitals, Terra.table.columnError, Terra.table.sort-ascending"
        >
          <span
            className="visually-hidden-text"
          >
            Vitals, Terra.table.columnError, Terra.table.sort-ascending
          </span>
        </VisuallyHiddenText>
      </div>
      <div
        className="pinned-columns-divider"
        style={
          Object {
            "height": undefined,
            "left": 99,
          }
        }
      />
    </th>
  </ColumnHeaderCell>
</InjectIntl(ColumnHeaderCell)>
`;
