// Jest Snapshot v1, https://goo.gl/fbAQLP

exports[`SubSection verifies that the table created is consistent with the rows and overflowColumns props 1`] = `
<Fragment>
  <tr
    aria-rowindex={0}
    className="header-row"
    data-section-id="subsection-0"
  >
    <th
      align="left"
      className="header-cell"
      colSpan={3}
      id="table-0-subsection-0"
      role="columnheader"
      scope="col"
    >
      <h3
        className="subsection"
      >
        <span
          className="sticky"
        >
          Test SubSection
        </span>
      </h3>
    </th>
  </tr>
</Fragment>
`;
