// Jest Snapshot v1, https://goo.gl/fbAQLP

exports[`should ignore invalid times properly 1`] = `
<div
  className="time-input"
  intl={
    Object {
      "defaultFormats": Object {},
      "defaultLocale": "en",
      "formatDate": [Function],
      "formatHTMLMessage": [Function],
      "formatMessage": [Function],
      "formatNumber": [Function],
      "formatPlural": [Function],
      "formatRelative": [Function],
      "formatTime": [Function],
      "formats": Object {},
      "formatters": Object {
        "getDateTimeFormat": [Function],
        "getMessageFormat": [Function],
        "getNumberFormat": [Function],
        "getPluralFormat": [Function],
        "getRelativeFormat": [Function],
      },
      "locale": "en",
      "messages": null,
      "now": [Function],
      "onError": [Function],
      "textComponent": "span",
      "timeZone": null,
    }
  }
>
  <input
    name="time-input"
    type="hidden"
    value=""
  />
  <Input
    aria-label="Terra.timeInput.hours"
    className="time-input-hour desktop"
    disabled={false}
    isInvalid={false}
    maxLength="2"
    name="terra-time-hour-time-input"
    onBlur={[Function]}
    onChange={[Function]}
    onFocus={[Function]}
    onKeyDown={[Function]}
    pattern="\\\\d*"
    placeholder="Terra.timeInput.hh"
    refCallback={[Function]}
    required={false}
    size="2"
    type="text"
    value=""
  />
  <span
    className="time-spacer"
  >
    :
  </span>
  <Input
    aria-label="Terra.timeInput.minutes"
    className="time-input-minute desktop"
    disabled={false}
    isInvalid={false}
    maxLength="2"
    name="terra-time-minute-time-input"
    onBlur={[Function]}
    onChange={[Function]}
    onFocus={[Function]}
    onKeyDown={[Function]}
    pattern="\\\\d*"
    placeholder="Terra.timeInput.mm"
    refCallback={[Function]}
    required={false}
    size="2"
    type="text"
    value=""
  />
</div>
`;

exports[`should not have duplicate ids on the page when multiple date pickers are initialized 1`] = `
<div
  intl="[object Object]"
>
  <div
    class="mobile-time-picker"
  >
    <input
      name="time-input"
      type="hidden"
      value=""
    />
    <div
      class="time-input-group"
    >
      <input
        class="form-input time-input-hour"
        id="terra-time-hour-time-input"
        maxlength="2"
        name="terra-time-hour-time-input"
        pattern="\\\\d*"
        placeholder="Terra.timeInput.hh"
        size="2"
        value=""
      />
      <label
        class="mobile-input-label"
        for="terra-time-hour-time-input"
      >
        Terra.timeInput.hours
      </label>
    </div>
    <span
      class="time-spacer"
    >
      :
    </span>
    <div
      class="time-input-group"
    >
      <input
        class="form-input time-input-minute"
        id="terra-time-minute-time-input"
        maxlength="2"
        name="terra-time-minute-time-input"
        pattern="\\\\d*"
        placeholder="Terra.timeInput.mm"
        size="2"
        value=""
      />
      <label
        class="mobile-input-label"
        for="terra-time-minute-time-input"
      >
        Terra.timeInput.minutes
      </label>
    </div>
    <div
      class="button-group meridiem-button-group"
    >
      <button
        aria-disabled="false"
        aria-pressed="true"
        class="button neutral button-group-button is-selected meridiem-button"
        type="button"
      >
        <span
          class="button-label text-only"
        >
          <span
            class=""
          >
            Terra.timeInput.am
          </span>
        </span>
      </button>
      <button
        aria-disabled="false"
        class="button neutral button-group-button meridiem-button"
        type="button"
      >
        <span
          class="button-label text-only"
        >
          <span
            class=""
          >
            Terra.timeInput.pm
          </span>
        </span>
      </button>
    </div>
  </div>
  <div
    class="mobile-time-picker"
  >
    <input
      name="time-input-2"
      type="hidden"
      value=""
    />
    <div
      class="time-input-group"
    >
      <input
        class="form-input time-input-hour"
        id="terra-time-hour-time-input-2"
        maxlength="2"
        name="terra-time-hour-time-input-2"
        pattern="\\\\d*"
        placeholder="Terra.timeInput.hh"
        size="2"
        value=""
      />
      <label
        class="mobile-input-label"
        for="terra-time-hour-time-input-2"
      >
        Terra.timeInput.hours
      </label>
    </div>
    <span
      class="time-spacer"
    >
      :
    </span>
    <div
      class="time-input-group"
    >
      <input
        class="form-input time-input-minute"
        id="terra-time-minute-time-input-2"
        maxlength="2"
        name="terra-time-minute-time-input-2"
        pattern="\\\\d*"
        placeholder="Terra.timeInput.mm"
        size="2"
        value=""
      />
      <label
        class="mobile-input-label"
        for="terra-time-minute-time-input-2"
      >
        Terra.timeInput.minutes
      </label>
    </div>
    <div
      class="button-group meridiem-button-group"
    >
      <button
        aria-disabled="false"
        aria-pressed="true"
        class="button neutral button-group-button is-selected meridiem-button"
        type="button"
      >
        <span
          class="button-label text-only"
        >
          <span
            class=""
          >
            Terra.timeInput.am
          </span>
        </span>
      </button>
      <button
        aria-disabled="false"
        class="button neutral button-group-button meridiem-button"
        type="button"
      >
        <span
          class="button-label text-only"
        >
          <span
            class=""
          >
            Terra.timeInput.pm
          </span>
        </span>
      </button>
    </div>
  </div>
  <div
    class="mobile-time-picker"
  >
    <input
      name="time-input-3"
      type="hidden"
      value=""
    />
    <div
      class="time-input-group"
    >
      <input
        class="form-input time-input-hour"
        id="terra-time-hour-time-input-3"
        maxlength="2"
        name="terra-time-hour-time-input-3"
        pattern="\\\\d*"
        placeholder="Terra.timeInput.hh"
        size="2"
        value=""
      />
      <label
        class="mobile-input-label"
        for="terra-time-hour-time-input-3"
      >
        Terra.timeInput.hours
      </label>
    </div>
    <span
      class="time-spacer"
    >
      :
    </span>
    <div
      class="time-input-group"
    >
      <input
        class="form-input time-input-minute"
        id="terra-time-minute-time-input-3"
        maxlength="2"
        name="terra-time-minute-time-input-3"
        pattern="\\\\d*"
        placeholder="Terra.timeInput.mm"
        size="2"
        value=""
      />
      <label
        class="mobile-input-label"
        for="terra-time-minute-time-input-3"
      >
        Terra.timeInput.minutes
      </label>
    </div>
    <div
      class="button-group meridiem-button-group"
    >
      <button
        aria-disabled="false"
        aria-pressed="true"
        class="button neutral button-group-button is-selected meridiem-button"
        type="button"
      >
        <span
          class="button-label text-only"
        >
          <span
            class=""
          >
            Terra.timeInput.am
          </span>
        </span>
      </button>
      <button
        aria-disabled="false"
        class="button neutral button-group-button meridiem-button"
        type="button"
      >
        <span
          class="button-label text-only"
        >
          <span
            class=""
          >
            Terra.timeInput.pm
          </span>
        </span>
      </button>
    </div>
  </div>
</div>
`;

exports[`should pass in refCallback as the ref prop of the hour input element 1`] = `
<TimeInput
  disabled={false}
  hourAttributes={Object {}}
  inputAttributes={Object {}}
  intl={
    Object {
      "defaultFormats": Object {},
      "defaultLocale": "en",
      "formatDate": [Function],
      "formatHTMLMessage": [Function],
      "formatMessage": [Function],
      "formatNumber": [Function],
      "formatPlural": [Function],
      "formatRelative": [Function],
      "formatTime": [Function],
      "formats": Object {},
      "formatters": Object {
        "getDateTimeFormat": [Function],
        "getMessageFormat": [Function],
        "getNumberFormat": [Function],
        "getPluralFormat": [Function],
        "getRelativeFormat": [Function],
      },
      "locale": "en",
      "messages": null,
      "now": [Function],
      "onError": [Function],
      "textComponent": "span",
      "timeZone": null,
    }
  }
  minuteAttributes={Object {}}
  name="time-input"
  onBlur={null}
  onChange={null}
  refCallback={
    [MockFunction] {
      "calls": Array [
        Array [
          <input
            aria-label="Terra.timeInput.hours"
            class="form-input time-input-hour desktop"
            maxlength="2"
            name="terra-time-hour-time-input"
            pattern="\\\\d*"
            placeholder="Terra.timeInput.hh"
            size="2"
            type="text"
            value=""
          />,
        ],
      ],
      "results": Array [
        Object {
          "type": "return",
          "value": undefined,
        },
      ],
    }
  }
  variant="24-hour"
>
  <div
    className="time-input"
    intl={
      Object {
        "defaultFormats": Object {},
        "defaultLocale": "en",
        "formatDate": [Function],
        "formatHTMLMessage": [Function],
        "formatMessage": [Function],
        "formatNumber": [Function],
        "formatPlural": [Function],
        "formatRelative": [Function],
        "formatTime": [Function],
        "formats": Object {},
        "formatters": Object {
          "getDateTimeFormat": [Function],
          "getMessageFormat": [Function],
          "getNumberFormat": [Function],
          "getPluralFormat": [Function],
          "getRelativeFormat": [Function],
        },
        "locale": "en",
        "messages": null,
        "now": [Function],
        "onError": [Function],
        "textComponent": "span",
        "timeZone": null,
      }
    }
  >
    <input
      name="time-input"
      type="hidden"
      value=""
    />
    <Input
      aria-label="Terra.timeInput.hours"
      className="time-input-hour desktop"
      disabled={false}
      isInvalid={false}
      maxLength="2"
      name="terra-time-hour-time-input"
      onBlur={[Function]}
      onChange={[Function]}
      onFocus={[Function]}
      onKeyDown={[Function]}
      pattern="\\\\d*"
      placeholder="Terra.timeInput.hh"
      refCallback={[Function]}
      required={false}
      size="2"
      type="text"
      value=""
    >
      <input
        aria-label="Terra.timeInput.hours"
        className="form-input time-input-hour desktop"
        disabled={false}
        maxLength="2"
        name="terra-time-hour-time-input"
        onBlur={[Function]}
        onChange={[Function]}
        onFocus={[Function]}
        onKeyDown={[Function]}
        pattern="\\\\d*"
        placeholder="Terra.timeInput.hh"
        required={false}
        size="2"
        type="text"
        value=""
      />
    </Input>
    <span
      className="time-spacer"
    >
      :
    </span>
    <Input
      aria-label="Terra.timeInput.minutes"
      className="time-input-minute desktop"
      disabled={false}
      isInvalid={false}
      maxLength="2"
      name="terra-time-minute-time-input"
      onBlur={[Function]}
      onChange={[Function]}
      onFocus={[Function]}
      onKeyDown={[Function]}
      pattern="\\\\d*"
      placeholder="Terra.timeInput.mm"
      refCallback={[Function]}
      required={false}
      size="2"
      type="text"
      value=""
    >
      <input
        aria-label="Terra.timeInput.minutes"
        className="form-input time-input-minute desktop"
        disabled={false}
        maxLength="2"
        name="terra-time-minute-time-input"
        onBlur={[Function]}
        onChange={[Function]}
        onFocus={[Function]}
        onKeyDown={[Function]}
        pattern="\\\\d*"
        placeholder="Terra.timeInput.mm"
        required={false}
        size="2"
        type="text"
        value=""
      />
    </Input>
  </div>
</TimeInput>
`;

exports[`should render a 12 hour timepicker meridiem with buttons when viewed on a mobile device 1`] = `
<div
  class="mobile-time-picker"
  intl="[object Object]"
>
  <input
    name="time-input"
    type="hidden"
    value=""
  />
  <div
    class="time-input-group"
  >
    <input
      class="form-input time-input-hour"
      id="terra-time-hour-time-input"
      maxlength="2"
      name="terra-time-hour-time-input"
      pattern="\\\\d*"
      placeholder="Terra.timeInput.hh"
      size="2"
      value=""
    />
    <label
      class="mobile-input-label"
      for="terra-time-hour-time-input"
    >
      Terra.timeInput.hours
    </label>
  </div>
  <span
    class="time-spacer"
  >
    :
  </span>
  <div
    class="time-input-group"
  >
    <input
      class="form-input time-input-minute"
      id="terra-time-minute-time-input"
      maxlength="2"
      name="terra-time-minute-time-input"
      pattern="\\\\d*"
      placeholder="Terra.timeInput.mm"
      size="2"
      value=""
    />
    <label
      class="mobile-input-label"
      for="terra-time-minute-time-input"
    >
      Terra.timeInput.minutes
    </label>
  </div>
  <div
    class="button-group meridiem-button-group"
  >
    <button
      aria-disabled="false"
      aria-pressed="true"
      class="button neutral button-group-button is-selected meridiem-button"
      type="button"
    >
      <span
        class="button-label text-only"
      >
        <span
          class=""
        >
          Terra.timeInput.am
        </span>
      </span>
    </button>
    <button
      aria-disabled="false"
      class="button neutral button-group-button meridiem-button"
      type="button"
    >
      <span
        class="button-label text-only"
      >
        <span
          class=""
        >
          Terra.timeInput.pm
        </span>
      </span>
    </button>
  </div>
</div>
`;

exports[`should render a 24 hour timepicker properly on mobile devices 1`] = `
<div
  class="mobile-time-picker"
  intl="[object Object]"
>
  <input
    name="time-input"
    type="hidden"
    value=""
  />
  <div
    class="time-input-group"
  >
    <input
      class="form-input time-input-hour"
      id="terra-time-hour-time-input"
      maxlength="2"
      name="terra-time-hour-time-input"
      pattern="\\\\d*"
      placeholder="Terra.timeInput.hh"
      size="2"
      value=""
    />
    <label
      class="mobile-input-label"
      for="terra-time-hour-time-input"
    >
      Terra.timeInput.hours
    </label>
  </div>
  <span
    class="time-spacer"
  >
    :
  </span>
  <div
    class="time-input-group"
  >
    <input
      class="form-input time-input-minute"
      id="terra-time-minute-time-input"
      maxlength="2"
      name="terra-time-minute-time-input"
      pattern="\\\\d*"
      placeholder="Terra.timeInput.mm"
      size="2"
      value=""
    />
    <label
      class="mobile-input-label"
      for="terra-time-minute-time-input"
    >
      Terra.timeInput.minutes
    </label>
  </div>
</div>
`;

exports[`should render a default time input 1`] = `
<div
  className="time-input"
  intl={
    Object {
      "defaultFormats": Object {},
      "defaultLocale": "en",
      "formatDate": [Function],
      "formatHTMLMessage": [Function],
      "formatMessage": [Function],
      "formatNumber": [Function],
      "formatPlural": [Function],
      "formatRelative": [Function],
      "formatTime": [Function],
      "formats": Object {},
      "formatters": Object {
        "getDateTimeFormat": [Function],
        "getMessageFormat": [Function],
        "getNumberFormat": [Function],
        "getPluralFormat": [Function],
        "getRelativeFormat": [Function],
      },
      "locale": "en",
      "messages": null,
      "now": [Function],
      "onError": [Function],
      "textComponent": "span",
      "timeZone": null,
    }
  }
>
  <input
    name="time-input"
    type="hidden"
    value=""
  />
  <Input
    aria-label="Terra.timeInput.hours"
    className="time-input-hour desktop"
    disabled={false}
    isInvalid={false}
    maxLength="2"
    name="terra-time-hour-time-input"
    onBlur={[Function]}
    onChange={[Function]}
    onFocus={[Function]}
    onKeyDown={[Function]}
    pattern="\\\\d*"
    placeholder="Terra.timeInput.hh"
    refCallback={[Function]}
    required={false}
    size="2"
    type="text"
    value=""
  />
  <span
    className="time-spacer"
  >
    :
  </span>
  <Input
    aria-label="Terra.timeInput.minutes"
    className="time-input-minute desktop"
    disabled={false}
    isInvalid={false}
    maxLength="2"
    name="terra-time-minute-time-input"
    onBlur={[Function]}
    onChange={[Function]}
    onFocus={[Function]}
    onKeyDown={[Function]}
    pattern="\\\\d*"
    placeholder="Terra.timeInput.mm"
    refCallback={[Function]}
    required={false}
    size="2"
    type="text"
    value=""
  />
</div>
`;

exports[`should render a disabled time input 1`] = `
<div
  className="disabled time-input"
  intl={
    Object {
      "defaultFormats": Object {},
      "defaultLocale": "en",
      "formatDate": [Function],
      "formatHTMLMessage": [Function],
      "formatMessage": [Function],
      "formatNumber": [Function],
      "formatPlural": [Function],
      "formatRelative": [Function],
      "formatTime": [Function],
      "formats": Object {},
      "formatters": Object {
        "getDateTimeFormat": [Function],
        "getMessageFormat": [Function],
        "getNumberFormat": [Function],
        "getPluralFormat": [Function],
        "getRelativeFormat": [Function],
      },
      "locale": "en",
      "messages": null,
      "now": [Function],
      "onError": [Function],
      "textComponent": "span",
      "timeZone": null,
    }
  }
>
  <input
    name="time-input"
    type="hidden"
    value=""
  />
  <Input
    aria-label="Terra.timeInput.hours"
    className="time-input-hour desktop"
    disabled={true}
    isInvalid={false}
    maxLength="2"
    name="terra-time-hour-time-input"
    onBlur={[Function]}
    onChange={[Function]}
    onFocus={[Function]}
    onKeyDown={[Function]}
    pattern="\\\\d*"
    placeholder="Terra.timeInput.hh"
    refCallback={[Function]}
    required={false}
    size="2"
    type="text"
    value=""
  />
  <span
    className="time-spacer"
  >
    :
  </span>
  <Input
    aria-label="Terra.timeInput.minutes"
    className="time-input-minute desktop"
    disabled={true}
    isInvalid={false}
    maxLength="2"
    name="terra-time-minute-time-input"
    onBlur={[Function]}
    onChange={[Function]}
    onFocus={[Function]}
    onKeyDown={[Function]}
    pattern="\\\\d*"
    placeholder="Terra.timeInput.mm"
    refCallback={[Function]}
    required={false}
    size="2"
    type="text"
    value=""
  />
</div>
`;

exports[`should render a time input with 12 hour clock set 1`] = `
<div
  className="time-input"
  intl={
    Object {
      "defaultFormats": Object {},
      "defaultLocale": "en",
      "formatDate": [Function],
      "formatHTMLMessage": [Function],
      "formatMessage": [Function],
      "formatNumber": [Function],
      "formatPlural": [Function],
      "formatRelative": [Function],
      "formatTime": [Function],
      "formats": Object {},
      "formatters": Object {
        "getDateTimeFormat": [Function],
        "getMessageFormat": [Function],
        "getNumberFormat": [Function],
        "getPluralFormat": [Function],
        "getRelativeFormat": [Function],
      },
      "locale": "en",
      "messages": null,
      "now": [Function],
      "onError": [Function],
      "textComponent": "span",
      "timeZone": null,
    }
  }
>
  <input
    name="time-input"
    type="hidden"
    value=""
  />
  <Input
    aria-label="Terra.timeInput.hours"
    className="time-input-hour desktop"
    disabled={false}
    isInvalid={false}
    maxLength="2"
    name="terra-time-hour-time-input"
    onBlur={[Function]}
    onChange={[Function]}
    onFocus={[Function]}
    onKeyDown={[Function]}
    pattern="\\\\d*"
    placeholder="Terra.timeInput.hh"
    refCallback={[Function]}
    required={false}
    size="2"
    type="text"
    value=""
  />
  <span
    className="time-spacer"
  >
    :
  </span>
  <Input
    aria-label="Terra.timeInput.minutes"
    className="time-input-minute desktop"
    disabled={false}
    isInvalid={false}
    maxLength="2"
    name="terra-time-minute-time-input"
    onBlur={[Function]}
    onChange={[Function]}
    onFocus={[Function]}
    onKeyDown={[Function]}
    pattern="\\\\d*"
    placeholder="Terra.timeInput.mm"
    refCallback={[Function]}
    required={false}
    size="2"
    type="text"
    value=""
  />
  <Input
    aria-label="Terra.timeInput.display.meridiem"
    aria-readonly={true}
    className="meridiem-display"
    disabled={false}
    isInvalid={false}
    key="meridiem_display"
    name={null}
    onFocus={[Function]}
    readOnly={true}
    required={false}
    size={18}
    tabIndex="-1"
    value="Terra.timeInput.am"
  />
  <div
    key="meridiem_select_box"
    style={
      Object {
        "position": "relative",
      }
    }
  >
    <select
      aria-label="Terra.timeInput.select.meridiem"
      className="time-input-meridiem"
      name="terra-time-meridiem-time-input"
      onBlur={[Function]}
      onChange={[Function]}
      onFocus={[Function]}
      onKeyDown={[Function]}
      size="2"
      value="Terra.timeInput.am"
    >
      <option
        key="anteMeridiem"
        value="Terra.timeInput.am"
      >
        Terra.timeInput.am
      </option>
      <option
        key="postMeridiem"
        value="Terra.timeInput.pm"
      >
        Terra.timeInput.pm
      </option>
    </select>
  </div>
</div>
`;

exports[`should render a time input with a default time 1`] = `
<div
  className="time-input"
  intl={
    Object {
      "defaultFormats": Object {},
      "defaultLocale": "en",
      "formatDate": [Function],
      "formatHTMLMessage": [Function],
      "formatMessage": [Function],
      "formatNumber": [Function],
      "formatPlural": [Function],
      "formatRelative": [Function],
      "formatTime": [Function],
      "formats": Object {},
      "formatters": Object {
        "getDateTimeFormat": [Function],
        "getMessageFormat": [Function],
        "getNumberFormat": [Function],
        "getPluralFormat": [Function],
        "getRelativeFormat": [Function],
      },
      "locale": "en",
      "messages": null,
      "now": [Function],
      "onError": [Function],
      "textComponent": "span",
      "timeZone": null,
    }
  }
>
  <input
    name="time-input"
    type="hidden"
    value="T10:45"
  />
  <Input
    aria-label="Terra.timeInput.hours"
    className="time-input-hour desktop"
    disabled={false}
    isInvalid={false}
    maxLength="2"
    name="terra-time-hour-time-input"
    onBlur={[Function]}
    onChange={[Function]}
    onFocus={[Function]}
    onKeyDown={[Function]}
    pattern="\\\\d*"
    placeholder="Terra.timeInput.hh"
    refCallback={[Function]}
    required={false}
    size="2"
    type="text"
    value="10"
  />
  <span
    className="time-spacer"
  >
    :
  </span>
  <Input
    aria-label="Terra.timeInput.minutes"
    className="time-input-minute desktop"
    disabled={false}
    isInvalid={false}
    maxLength="2"
    name="terra-time-minute-time-input"
    onBlur={[Function]}
    onChange={[Function]}
    onFocus={[Function]}
    onKeyDown={[Function]}
    pattern="\\\\d*"
    placeholder="Terra.timeInput.mm"
    refCallback={[Function]}
    required={false}
    size="2"
    type="text"
    value="45"
  />
</div>
`;

exports[`should render a time input with custom attributes 1`] = `
<div
  className="time-input"
  intl={
    Object {
      "defaultFormats": Object {},
      "defaultLocale": "en",
      "formatDate": [Function],
      "formatHTMLMessage": [Function],
      "formatMessage": [Function],
      "formatNumber": [Function],
      "formatPlural": [Function],
      "formatRelative": [Function],
      "formatTime": [Function],
      "formats": Object {},
      "formatters": Object {
        "getDateTimeFormat": [Function],
        "getMessageFormat": [Function],
        "getNumberFormat": [Function],
        "getPluralFormat": [Function],
        "getRelativeFormat": [Function],
      },
      "locale": "en",
      "messages": null,
      "now": [Function],
      "onError": [Function],
      "textComponent": "span",
      "timeZone": null,
    }
  }
>
  <input
    name="time-input"
    type="hidden"
    value=""
  />
  <Input
    aria-label="Terra.timeInput.hours"
    className="time-input-hour desktop"
    disabled={false}
    id="terra-time-input"
    isInvalid={false}
    maxLength="2"
    name="terra-time-hour-time-input"
    onBlur={[Function]}
    onChange={[Function]}
    onFocus={[Function]}
    onKeyDown={[Function]}
    pattern="\\\\d*"
    placeholder="Terra.timeInput.hh"
    refCallback={[Function]}
    required={false}
    size="2"
    type="text"
    value=""
  />
  <span
    className="time-spacer"
  >
    :
  </span>
  <Input
    aria-label="Terra.timeInput.minutes"
    className="time-input-minute desktop"
    disabled={false}
    id="terra-time-input"
    isInvalid={false}
    maxLength="2"
    name="terra-time-minute-time-input"
    onBlur={[Function]}
    onChange={[Function]}
    onFocus={[Function]}
    onKeyDown={[Function]}
    pattern="\\\\d*"
    placeholder="Terra.timeInput.mm"
    refCallback={[Function]}
    required={false}
    size="2"
    type="text"
    value=""
  />
</div>
`;

exports[`should render a time input with onBlur 1`] = `
<div
  className="time-input"
  intl={
    Object {
      "defaultFormats": Object {},
      "defaultLocale": "en",
      "formatDate": [Function],
      "formatHTMLMessage": [Function],
      "formatMessage": [Function],
      "formatNumber": [Function],
      "formatPlural": [Function],
      "formatRelative": [Function],
      "formatTime": [Function],
      "formats": Object {},
      "formatters": Object {
        "getDateTimeFormat": [Function],
        "getMessageFormat": [Function],
        "getNumberFormat": [Function],
        "getPluralFormat": [Function],
        "getRelativeFormat": [Function],
      },
      "locale": "en",
      "messages": null,
      "now": [Function],
      "onError": [Function],
      "textComponent": "span",
      "timeZone": null,
    }
  }
>
  <input
    name="time-input"
    type="hidden"
    value=""
  />
  <Input
    aria-label="Terra.timeInput.hours"
    className="time-input-hour desktop"
    disabled={false}
    isInvalid={false}
    maxLength="2"
    name="terra-time-hour-time-input"
    onBlur={[Function]}
    onChange={[Function]}
    onFocus={[Function]}
    onKeyDown={[Function]}
    pattern="\\\\d*"
    placeholder="Terra.timeInput.hh"
    refCallback={[Function]}
    required={false}
    size="2"
    type="text"
    value=""
  />
  <span
    className="time-spacer"
  >
    :
  </span>
  <Input
    aria-label="Terra.timeInput.minutes"
    className="time-input-minute desktop"
    disabled={false}
    isInvalid={false}
    maxLength="2"
    name="terra-time-minute-time-input"
    onBlur={[Function]}
    onChange={[Function]}
    onFocus={[Function]}
    onKeyDown={[Function]}
    pattern="\\\\d*"
    placeholder="Terra.timeInput.mm"
    refCallback={[Function]}
    required={false}
    size="2"
    type="text"
    value=""
  />
</div>
`;

exports[`should render a time input with onChange 1`] = `
<div
  className="time-input"
  intl={
    Object {
      "defaultFormats": Object {},
      "defaultLocale": "en",
      "formatDate": [Function],
      "formatHTMLMessage": [Function],
      "formatMessage": [Function],
      "formatNumber": [Function],
      "formatPlural": [Function],
      "formatRelative": [Function],
      "formatTime": [Function],
      "formats": Object {},
      "formatters": Object {
        "getDateTimeFormat": [Function],
        "getMessageFormat": [Function],
        "getNumberFormat": [Function],
        "getPluralFormat": [Function],
        "getRelativeFormat": [Function],
      },
      "locale": "en",
      "messages": null,
      "now": [Function],
      "onError": [Function],
      "textComponent": "span",
      "timeZone": null,
    }
  }
>
  <input
    name="time-input"
    type="hidden"
    value=""
  />
  <Input
    aria-label="Terra.timeInput.hours"
    className="time-input-hour desktop"
    disabled={false}
    isInvalid={false}
    maxLength="2"
    name="terra-time-hour-time-input"
    onBlur={[Function]}
    onChange={[Function]}
    onFocus={[Function]}
    onKeyDown={[Function]}
    pattern="\\\\d*"
    placeholder="Terra.timeInput.hh"
    refCallback={[Function]}
    required={false}
    size="2"
    type="text"
    value=""
  />
  <span
    className="time-spacer"
  >
    :
  </span>
  <Input
    aria-label="Terra.timeInput.minutes"
    className="time-input-minute desktop"
    disabled={false}
    isInvalid={false}
    maxLength="2"
    name="terra-time-minute-time-input"
    onBlur={[Function]}
    onChange={[Function]}
    onFocus={[Function]}
    onKeyDown={[Function]}
    pattern="\\\\d*"
    placeholder="Terra.timeInput.mm"
    refCallback={[Function]}
    required={false}
    size="2"
    type="text"
    value=""
  />
</div>
`;

exports[`should render a time input with onFocus 1`] = `
<div
  className="time-input"
  intl={
    Object {
      "defaultFormats": Object {},
      "defaultLocale": "en",
      "formatDate": [Function],
      "formatHTMLMessage": [Function],
      "formatMessage": [Function],
      "formatNumber": [Function],
      "formatPlural": [Function],
      "formatRelative": [Function],
      "formatTime": [Function],
      "formats": Object {},
      "formatters": Object {
        "getDateTimeFormat": [Function],
        "getMessageFormat": [Function],
        "getNumberFormat": [Function],
        "getPluralFormat": [Function],
        "getRelativeFormat": [Function],
      },
      "locale": "en",
      "messages": null,
      "now": [Function],
      "onError": [Function],
      "textComponent": "span",
      "timeZone": null,
    }
  }
>
  <input
    name="time-input"
    type="hidden"
    value=""
  />
  <Input
    aria-label="Terra.timeInput.hours"
    className="time-input-hour desktop"
    disabled={false}
    isInvalid={false}
    maxLength="2"
    name="terra-time-hour-time-input"
    onBlur={[Function]}
    onChange={[Function]}
    onFocus={[Function]}
    onKeyDown={[Function]}
    pattern="\\\\d*"
    placeholder="Terra.timeInput.hh"
    refCallback={[Function]}
    required={false}
    size="2"
    type="text"
    value=""
  />
  <span
    className="time-spacer"
  >
    :
  </span>
  <Input
    aria-label="Terra.timeInput.minutes"
    className="time-input-minute desktop"
    disabled={false}
    isInvalid={false}
    maxLength="2"
    name="terra-time-minute-time-input"
    onBlur={[Function]}
    onChange={[Function]}
    onFocus={[Function]}
    onKeyDown={[Function]}
    pattern="\\\\d*"
    placeholder="Terra.timeInput.mm"
    refCallback={[Function]}
    required={false}
    size="2"
    type="text"
    value=""
  />
</div>
`;

exports[`should set the labels with the correct htmlFor a 24 hour timepicker properly on mobile devices 1`] = `
<div
  class="mobile-time-picker"
  intl="[object Object]"
>
  <input
    name="time-input"
    type="hidden"
    value=""
  />
  <div
    class="time-input-group"
  >
    <input
      class="form-input time-input-hour"
      id="id-2"
      maxlength="2"
      name="terra-time-hour-time-input"
      pattern="\\\\d*"
      placeholder="Terra.timeInput.hh"
      size="2"
      value=""
    />
    <label
      class="mobile-input-label"
      for="id-2"
    >
      Terra.timeInput.hours
    </label>
  </div>
  <span
    class="time-spacer"
  >
    :
  </span>
  <div
    class="time-input-group"
  >
    <input
      class="form-input time-input-minute"
      id="id-1"
      maxlength="2"
      name="terra-time-minute-time-input"
      pattern="\\\\d*"
      placeholder="Terra.timeInput.mm"
      size="2"
      value=""
    />
    <label
      class="mobile-input-label"
      for="id-1"
    >
      Terra.timeInput.minutes
    </label>
  </div>
</div>
`;
