// Jest Snapshot v1, https://goo.gl/fbAQLP

exports[`ExtensionCount should render default element 1`] = `
<div
  className="count"
/>
`;

exports[`ExtensionCount should render prop data 1`] = `
<div
  aria-label={null}
  className="count is-rollup"
/>
`;
