// Jest Snapshot v1, https://goo.gl/fbAQLP

exports[`RoutingMenu Snapshot tests renders with given props 1`] = `
<InjectIntl(NavigationSideMenu)
  data-routing-menu={true}
  menuItems={
    Array [
      Object {
        "hasSubMenu": false,
        "key": "/1",
        "metaData": Object {
          "externalLink": undefined,
          "hasSubMenu": false,
          "path": "/1",
        },
        "text": "1",
      },
      Object {
        "hasSubMenu": true,
        "key": "/2",
        "metaData": Object {
          "externalLink": undefined,
          "hasSubMenu": true,
          "path": "/2",
        },
        "text": "2",
      },
      Object {
        "childKeys": Array [
          "/1",
          "/2",
        ],
        "isRootMenu": false,
        "key": "routingMenuRootMenuKey",
        "text": "",
      },
    ]
  }
  onChange={[Function]}
  routingStackBack={[MockFunction]}
  selectedChildKey="/1"
  selectedMenuKey="routingMenuRootMenuKey"
/>
`;
