// Jest Snapshot v1, https://goo.gl/fbAQLP

exports[`TabCount should render default element 1`] = `
<div
  className="count"
/>
`;

exports[`TabCount should render prop data 1`] = `
<div
  className="count is-rollup"
>
  Terra.applicationNavigation.notifications.new
</div>
`;
